...................................                                      [100%]
35 passed in 3.14s
